[zero.camilochacon.com/index.html]
[backblue.gif]
[fade.gif]
[index.html]
[zero.camilochacon.com/css/bootstrap-theme.min.css]
[zero.camilochacon.com/css/bootstrap.min.css]
[zero.camilochacon.com/css/bootstrap.vertical-tabs.min.css]
[zero.camilochacon.com/css/fakeLoader.css]
[zero.camilochacon.com/css/anno.css]
[zero.camilochacon.com/images/logo-hoc.png]
[zero.camilochacon.com/images/logo-logo.gif]
[zero.camilochacon.com/images/logo-scratch.jpg]
[zero.camilochacon.com/level2.html]
[zero.camilochacon.com/level3.html]
[ajax.googleapis.com/ajax/libs/jquery/2.0.3/jquery.min.js]
[zero.camilochacon.com/scripts/fakeLoader.min.js]
[zero.camilochacon.com/scripts/anno.js]
[zero.camilochacon.com/scripts/bootstrap.min.js]
[zero.camilochacon.com/scripts/quintus-all.min.js]
[zero.camilochacon.com/scripts/blocks_compressed.js]
[zero.camilochacon.com/acorn_interpreter.js]
[zero.camilochacon.com/scripts/javascript_compressed.js]
[zero.camilochacon.com/scripts/zeroblocks.js]
[zero.camilochacon.com/scripts/msg/js/es.js]
[zero.camilochacon.com/scripts/zerolanguage.js]
[zero.camilochacon.com/scripts/zero_interactive.js]
[zero.camilochacon.com/scripts/zerogame.js]
[zero.camilochacon.com/index.html]
[zero.camilochacon.com/css/bootstrap-theme.min.css]
[zero.camilochacon.com/fonts/glyphicons-halflings-regular.eot]
[zero.camilochacon.com/fonts/glyphicons-halflings-regulard41d.eot]
[cdnjs.cloudflare.com/ajax/libs/highlight.js/9.5.0/highlight.min.js]
[zero.camilochacon.com/fonts/glyphicons-halflings-regular.woff]
[zero.camilochacon.com/css/bootstrap.min.css]
[zero.camilochacon.com/css/bootstrap.vertical-tabs.min.css]
[zero.camilochacon.com/css/fakeLoader.css]
[zero.camilochacon.com/css/anno.css]
[cdnjs.cloudflare.com/ajax/libs/highlight.js/9.5.0/styles/default.min.css]
[zero.camilochacon.com/level2.html]
[zero.camilochacon.com/level3.html]
[zero.camilochacon.com/scripts/blockly_compressed.js]
[zero.camilochacon.com/fonts/glyphicons-halflings-regular.html]
[zero.camilochacon.com/fonts/glyphicons-halflings-regular-2.html]
[zero.camilochacon.com/fonts/glyphicons-halflings-regular.svg]
[cdnjs.cloudflare.com/ajax/libs/highlight.js/9.5.0/styles/default.min.css]
[zero.camilochacon.com/scripts/browser.min.js]
[zero.camilochacon.com/rex.html]
[zero.camilochacon.com/coin.html]
[zero.camilochacon.com/box.html]
